2025-09-08 21:07:10,615 - root - INFO - ********** Run starts. **********
2025-09-08 21:07:10,615 - root - INFO - configuration is Namespace(language_model_name='gpt2', batch_size=8, merging_method_name='emr_merging', gpu=2, ckpt_path='/HDDDATA/data_cj/ckpts/gpt2', epochs=200, device=device(type='cuda', index=0), dataset_names=['cola', 'sst2', 'mrpc', 'qqp', 'mnli', 'qnli', 'rte'], dataset_name='rte')
2025-09-08 21:07:54,472 - root - INFO - metastep 0 finished, loss: 5.270060215677534
2025-09-08 21:08:06,476 - root - INFO - metastep 1 finished, loss: 3.588688629014151
2025-09-08 21:08:20,258 - root - INFO - metastep 2 finished, loss: 3.437471696308681
2025-09-08 21:08:35,160 - root - INFO - metastep 3 finished, loss: 2.2726467677525113
2025-09-08 21:08:47,787 - root - INFO - metastep 4 finished, loss: 2.689760318824223
2025-09-08 21:08:59,434 - root - INFO - metastep 5 finished, loss: 3.2268488747732986
2025-09-08 21:09:11,817 - root - INFO - metastep 6 finished, loss: 2.747700929641723
2025-09-08 21:09:24,652 - root - INFO - metastep 7 finished, loss: 2.519603993211474
2025-09-08 21:10:00,017 - root - INFO - metastep 8 finished, loss: 2.873277204377311
2025-09-08 21:10:11,532 - root - INFO - metastep 9 finished, loss: 2.801424852439335
2025-09-08 21:10:22,880 - root - INFO - metastep 10 finished, loss: 2.092415290219443
2025-09-08 21:10:34,483 - root - INFO - metastep 11 finished, loss: 2.481343924999237
2025-09-08 21:10:46,007 - root - INFO - metastep 12 finished, loss: 2.645879473005022
2025-09-08 21:10:57,952 - root - INFO - metastep 13 finished, loss: 2.387725727898734
2025-09-08 21:11:09,614 - root - INFO - metastep 14 finished, loss: 2.438202857971191
2025-09-08 21:11:21,654 - root - INFO - metastep 15 finished, loss: 1.8964986417974745
2025-09-08 21:11:33,411 - root - INFO - metastep 16 finished, loss: 2.4798332282475064
2025-09-08 21:11:51,678 - root - INFO - metastep 17 finished, loss: 2.3051580190658565
2025-09-08 21:12:03,365 - root - INFO - metastep 18 finished, loss: 2.249416640826634
2025-09-08 21:12:14,891 - root - INFO - metastep 19 finished, loss: 3.2270726561546326
2025-09-08 21:12:25,944 - root - INFO - metastep 20 finished, loss: 2.1209293263299127
2025-09-08 21:12:37,850 - root - INFO - metastep 21 finished, loss: 2.2984663503510614
2025-09-08 21:12:50,045 - root - INFO - metastep 22 finished, loss: 2.2356265953608925
2025-09-08 21:13:01,827 - root - INFO - metastep 23 finished, loss: 2.4703716806003033
2025-09-08 21:13:14,290 - root - INFO - metastep 24 finished, loss: 2.0426183002335687
2025-09-08 21:13:50,577 - root - INFO - metastep 25 finished, loss: 2.5362396580832347
2025-09-08 21:14:01,923 - root - INFO - metastep 26 finished, loss: 2.5641896724700928
2025-09-08 21:14:12,917 - root - INFO - metastep 27 finished, loss: 1.9008568355015345
2025-09-08 21:14:23,935 - root - INFO - metastep 28 finished, loss: 2.0457682396684373
2025-09-08 21:14:34,953 - root - INFO - metastep 29 finished, loss: 2.230860940047673
2025-09-08 21:14:47,638 - root - INFO - metastep 30 finished, loss: 2.18866765499115
2025-09-08 21:14:59,513 - root - INFO - metastep 31 finished, loss: 2.2698177184377397
2025-09-08 21:15:10,731 - root - INFO - metastep 32 finished, loss: 1.8189295445169722
2025-09-08 21:15:22,517 - root - INFO - metastep 33 finished, loss: 2.1415010733263835
2025-09-08 21:15:40,261 - root - INFO - metastep 34 finished, loss: 1.9823738166264124
2025-09-08 21:15:51,463 - root - INFO - metastep 35 finished, loss: 2.1288592900548666
2025-09-08 21:16:03,207 - root - INFO - metastep 36 finished, loss: 2.486093606267657
2025-09-08 21:16:15,152 - root - INFO - metastep 37 finished, loss: 1.847171085221427
2025-09-08 21:16:26,866 - root - INFO - metastep 38 finished, loss: 1.8419153988361359
2025-09-08 21:16:38,434 - root - INFO - metastep 39 finished, loss: 1.987567901611328
2025-09-08 21:16:49,832 - root - INFO - metastep 40 finished, loss: 2.323091677256993
2025-09-08 21:17:01,378 - root - INFO - metastep 41 finished, loss: 1.8142570427485873
2025-09-08 21:17:34,485 - root - INFO - metastep 42 finished, loss: 2.26217006785529
2025-09-08 21:17:45,474 - root - INFO - metastep 43 finished, loss: 2.316615343093872
2025-09-08 21:17:56,379 - root - INFO - metastep 44 finished, loss: 1.8316143240247456
2025-09-08 21:18:07,682 - root - INFO - metastep 45 finished, loss: 1.7561757394245692
2025-09-08 21:18:19,295 - root - INFO - metastep 46 finished, loss: 2.0898093410900658
2025-09-08 21:18:30,389 - root - INFO - metastep 47 finished, loss: 2.0876283730779375
2025-09-08 21:18:41,594 - root - INFO - metastep 48 finished, loss: 2.1317660212516785
2025-09-08 21:18:53,520 - root - INFO - metastep 49 finished, loss: 1.659870539392744
2025-09-08 21:19:04,343 - root - INFO - metastep 50 finished, loss: 1.8898817045348029
2025-09-08 21:19:21,666 - root - INFO - metastep 51 finished, loss: 1.7300995205129897
2025-09-08 21:19:33,466 - root - INFO - metastep 52 finished, loss: 1.9883515068462916
2025-09-08 21:19:45,388 - root - INFO - metastep 53 finished, loss: 2.1156042473656793
2025-09-08 21:19:57,123 - root - INFO - metastep 54 finished, loss: 1.6931509631020685
2025-09-08 21:20:08,828 - root - INFO - metastep 55 finished, loss: 1.749844738415309
2025-09-08 21:20:20,451 - root - INFO - metastep 56 finished, loss: 2.0830933281353543
2025-09-08 21:20:31,798 - root - INFO - metastep 57 finished, loss: 2.1918971368244717
2025-09-08 21:20:43,341 - root - INFO - metastep 58 finished, loss: 1.706249850136893
2025-09-08 21:21:14,986 - root - INFO - metastep 59 finished, loss: 2.051241227558681
2025-09-08 21:21:25,957 - root - INFO - metastep 60 finished, loss: 2.115080007484981
2025-09-08 21:21:37,691 - root - INFO - metastep 61 finished, loss: 1.7954974855695454
2025-09-08 21:21:49,000 - root - INFO - metastep 62 finished, loss: 1.6214937950883594
2025-09-08 21:22:00,089 - root - INFO - metastep 63 finished, loss: 2.0067046795572554
2025-09-08 21:22:11,731 - root - INFO - metastep 64 finished, loss: 1.9566180195127214
2025-09-08 21:22:23,211 - root - INFO - metastep 65 finished, loss: 2.0541918022292
2025-09-08 21:22:34,333 - root - INFO - metastep 66 finished, loss: 1.563248302255358
2025-09-08 21:22:45,331 - root - INFO - metastep 67 finished, loss: 1.6953393135751995
2025-09-08 21:23:04,147 - root - INFO - metastep 68 finished, loss: 1.5647284558841161
2025-09-08 21:23:16,087 - root - INFO - metastep 69 finished, loss: 1.830133514744895
2025-09-08 21:23:27,763 - root - INFO - metastep 70 finished, loss: 1.8698370882443018
2025-09-08 21:23:39,348 - root - INFO - metastep 71 finished, loss: 1.475172621863229
2025-09-08 21:23:50,987 - root - INFO - metastep 72 finished, loss: 1.5510249478476388
2025-09-08 21:24:02,657 - root - INFO - metastep 73 finished, loss: 1.846519470214844
2025-09-08 21:24:14,054 - root - INFO - metastep 74 finished, loss: 2.102717816829681
2025-09-08 21:24:25,488 - root - INFO - metastep 75 finished, loss: 1.6747940693582808
2025-09-08 21:24:59,905 - root - INFO - metastep 76 finished, loss: 1.9410884465490068
2025-09-08 21:25:11,983 - root - INFO - metastep 77 finished, loss: 1.909349433013371
2025-09-08 21:25:23,348 - root - INFO - metastep 78 finished, loss: 1.6804465481213162
2025-09-08 21:25:35,099 - root - INFO - metastep 79 finished, loss: 1.5256839309419903
2025-09-08 21:25:47,223 - root - INFO - metastep 80 finished, loss: 1.7838924782616754
2025-09-08 21:25:58,410 - root - INFO - metastep 81 finished, loss: 1.8784974217414856
2025-09-08 21:26:09,520 - root - INFO - metastep 82 finished, loss: 1.884724940572466
2025-09-08 21:26:22,605 - root - INFO - metastep 83 finished, loss: 1.3612690908568248
2025-09-08 21:26:34,702 - root - INFO - metastep 84 finished, loss: 1.543969226734979
2025-09-08 21:26:53,421 - root - INFO - metastep 85 finished, loss: 1.5736870808260779
2025-09-08 21:27:05,370 - root - INFO - metastep 86 finished, loss: 1.645498207637242
2025-09-08 21:27:17,060 - root - INFO - metastep 87 finished, loss: 1.632353595324925
2025-09-08 21:27:28,799 - root - INFO - metastep 88 finished, loss: 1.2759322268622262
2025-09-08 21:27:40,389 - root - INFO - metastep 89 finished, loss: 1.5591735924993242
2025-09-08 21:27:51,858 - root - INFO - metastep 90 finished, loss: 1.8792510373251778
2025-09-08 21:28:03,273 - root - INFO - metastep 91 finished, loss: 1.8891561031341555
2025-09-08 21:28:14,621 - root - INFO - metastep 92 finished, loss: 1.3588324870382038
2025-09-08 21:28:46,927 - root - INFO - metastep 93 finished, loss: 1.691971208368029
2025-09-08 21:28:57,904 - root - INFO - metastep 94 finished, loss: 1.7231424450874329
2025-09-08 21:29:10,057 - root - INFO - metastep 95 finished, loss: 1.504766481263297
2025-09-08 21:29:21,108 - root - INFO - metastep 96 finished, loss: 1.383804406438555
2025-09-08 21:29:32,145 - root - INFO - metastep 97 finished, loss: 1.603208771773747
2025-09-08 21:29:43,757 - root - INFO - metastep 98 finished, loss: 1.7951176762580872
2025-09-08 21:29:55,488 - root - INFO - metastep 99 finished, loss: 1.5440279841423035
2025-09-08 21:30:07,043 - root - INFO - metastep 100 finished, loss: 1.2361027555806297
2025-09-08 21:30:18,506 - root - INFO - metastep 101 finished, loss: 1.3522322773933408
2025-09-08 21:30:36,798 - root - INFO - metastep 102 finished, loss: 1.370083817413875
2025-09-08 21:30:48,254 - root - INFO - metastep 103 finished, loss: 1.6392197098050798
2025-09-08 21:30:59,582 - root - INFO - metastep 104 finished, loss: 1.3755544764654977
2025-09-08 21:31:10,776 - root - INFO - metastep 105 finished, loss: 1.13863457100732
2025-09-08 21:31:22,018 - root - INFO - metastep 106 finished, loss: 1.2429804887090412
2025-09-08 21:31:33,247 - root - INFO - metastep 107 finished, loss: 1.3501367739268713
2025-09-08 21:31:44,576 - root - INFO - metastep 108 finished, loss: 1.7485866291182381
2025-09-08 21:31:56,669 - root - INFO - metastep 109 finished, loss: 1.480496381010328
2025-09-08 21:32:27,997 - root - INFO - metastep 110 finished, loss: 1.6239468710763114
2025-09-08 21:32:40,239 - root - INFO - metastep 111 finished, loss: 1.6563999567713057
2025-09-08 21:32:51,227 - root - INFO - metastep 112 finished, loss: 1.4104658365249636
2025-09-08 21:33:02,810 - root - INFO - metastep 113 finished, loss: 1.2404896446636746
2025-09-08 21:33:14,573 - root - INFO - metastep 114 finished, loss: 1.485572397708893
2025-09-08 21:33:26,520 - root - INFO - metastep 115 finished, loss: 1.7211816140583582
2025-09-08 21:33:38,274 - root - INFO - metastep 116 finished, loss: 1.413308186190469
2025-09-08 21:33:50,114 - root - INFO - metastep 117 finished, loss: 1.4390421637466975
2025-09-08 21:34:01,130 - root - INFO - metastep 118 finished, loss: 1.3264307464872087
2025-09-08 21:34:18,910 - root - INFO - metastep 119 finished, loss: 1.2287869197981698
2025-09-08 21:34:29,926 - root - INFO - metastep 120 finished, loss: 1.4971111331667217
2025-09-08 21:34:40,960 - root - INFO - metastep 121 finished, loss: 1.223176964691707
2025-09-08 21:34:52,200 - root - INFO - metastep 122 finished, loss: 1.0597517490386963
2025-09-08 21:35:03,457 - root - INFO - metastep 123 finished, loss: 1.303701102733612
2025-09-08 21:35:15,366 - root - INFO - metastep 124 finished, loss: 1.4976644856589183
2025-09-08 21:35:26,686 - root - INFO - metastep 125 finished, loss: 1.6216062264783042
2025-09-08 21:35:37,988 - root - INFO - metastep 126 finished, loss: 1.1542845368385315
2025-09-08 21:36:14,473 - root - INFO - metastep 127 finished, loss: 1.4592352424349104
2025-09-08 21:36:26,554 - root - INFO - metastep 128 finished, loss: 1.4737463338034495
2025-09-08 21:36:39,330 - root - INFO - metastep 129 finished, loss: 1.2203365308897836
2025-09-08 21:36:52,339 - root - INFO - metastep 130 finished, loss: 1.400231889316014
2025-09-08 21:37:06,092 - root - INFO - metastep 131 finished, loss: 1.3650669157505035
2025-09-08 21:37:19,415 - root - INFO - metastep 132 finished, loss: 1.6560868535723006
2025-09-08 21:37:31,835 - root - INFO - metastep 133 finished, loss: 1.5332840255328588
2025-09-08 21:37:43,848 - root - INFO - metastep 134 finished, loss: 1.072100349834987
2025-09-08 21:37:54,995 - root - INFO - metastep 135 finished, loss: 1.2143764879022325
2025-09-08 21:38:12,647 - root - INFO - metastep 136 finished, loss: 1.0956589579582214
2025-09-08 21:38:23,924 - root - INFO - metastep 137 finished, loss: 1.3766757931028093
2025-09-08 21:38:35,534 - root - INFO - metastep 138 finished, loss: 1.2223623267241888
2025-09-08 21:38:46,766 - root - INFO - metastep 139 finished, loss: 1.0168522340910775
2025-09-08 21:38:57,944 - root - INFO - metastep 140 finished, loss: 1.2171733123915536
2025-09-08 21:39:11,330 - root - INFO - metastep 141 finished, loss: 1.3636593988963537
2025-09-08 21:39:22,920 - root - INFO - metastep 142 finished, loss: 1.6848256077085222
2025-09-08 21:39:34,242 - root - INFO - metastep 143 finished, loss: 1.0995434607778278
2025-09-08 21:40:10,225 - root - INFO - metastep 144 finished, loss: 1.3749939714159285
2025-09-08 21:40:22,632 - root - INFO - metastep 145 finished, loss: 1.334489745753152
2025-09-08 21:40:34,134 - root - INFO - metastep 146 finished, loss: 1.0974500008991785
2025-09-08 21:40:45,570 - root - INFO - metastep 147 finished, loss: 1.1875179154532298
2025-09-08 21:40:57,031 - root - INFO - metastep 148 finished, loss: 1.2115666951451982
2025-09-08 21:41:08,409 - root - INFO - metastep 149 finished, loss: 1.5535244941711426
2025-09-08 21:41:19,876 - root - INFO - metastep 150 finished, loss: 1.409597933292389
2025-09-08 21:41:31,163 - root - INFO - metastep 151 finished, loss: 1.457971453666687
2025-09-08 21:41:43,875 - root - INFO - metastep 152 finished, loss: 1.2099478159632002
2025-09-08 21:42:02,779 - root - INFO - metastep 153 finished, loss: 1.0439950014863695
2025-09-08 21:42:14,114 - root - INFO - metastep 154 finished, loss: 1.3137505650520325
2025-09-08 21:42:25,729 - root - INFO - metastep 155 finished, loss: 1.0940617365496499
2025-09-08 21:42:37,289 - root - INFO - metastep 156 finished, loss: 0.9527453993047988
2025-09-08 21:42:48,784 - root - INFO - metastep 157 finished, loss: 1.123719824211938
2025-09-08 21:43:00,315 - root - INFO - metastep 158 finished, loss: 1.1811059543064664
2025-09-08 21:43:12,025 - root - INFO - metastep 159 finished, loss: 1.3810990282467432
2025-09-08 21:43:23,795 - root - INFO - metastep 160 finished, loss: 1.1230470452989851
2025-09-08 21:43:55,904 - root - INFO - metastep 161 finished, loss: 1.2194352320262365
2025-09-08 21:44:07,466 - root - INFO - metastep 162 finished, loss: 1.3174278821263994
2025-09-08 21:44:19,043 - root - INFO - metastep 163 finished, loss: 1.4920545305524553
2025-09-08 21:44:30,427 - root - INFO - metastep 164 finished, loss: 1.4772362879344396
2025-09-08 21:44:41,996 - root - INFO - metastep 165 finished, loss: 1.4419654054301125
2025-09-08 21:44:53,883 - root - INFO - metastep 166 finished, loss: 1.5251227276665822
2025-09-08 21:45:05,702 - root - INFO - metastep 167 finished, loss: 1.2203885657446725
2025-09-08 21:45:17,569 - root - INFO - metastep 168 finished, loss: 1.0555693422045027
2025-09-08 21:45:28,947 - root - INFO - metastep 169 finished, loss: 1.1573096428598677
2025-09-08 21:45:47,110 - root - INFO - metastep 170 finished, loss: 0.9742461698395867
2025-09-08 21:45:59,659 - root - INFO - metastep 171 finished, loss: 1.2584904772894723
2025-09-08 21:46:11,123 - root - INFO - metastep 172 finished, loss: 1.1758259066513606
2025-09-08 21:46:22,847 - root - INFO - metastep 173 finished, loss: 0.9482328253132957
2025-09-08 21:46:34,621 - root - INFO - metastep 174 finished, loss: 1.0700493327208929
2025-09-08 21:46:46,543 - root - INFO - metastep 175 finished, loss: 1.1260091960430145
2025-09-08 21:46:58,674 - root - INFO - metastep 176 finished, loss: 1.3683962609086717
2025-09-08 21:47:10,778 - root - INFO - metastep 177 finished, loss: 1.0718871269907269
2025-09-08 21:47:43,320 - root - INFO - metastep 178 finished, loss: 1.1774961182049342
2025-09-08 21:47:54,814 - root - INFO - metastep 179 finished, loss: 1.3324748745986392
2025-09-08 21:48:06,257 - root - INFO - metastep 180 finished, loss: 1.3674549119813102
2025-09-08 21:48:18,061 - root - INFO - metastep 181 finished, loss: 1.098620478596006
2025-09-08 21:48:29,423 - root - INFO - metastep 182 finished, loss: 1.1817278138228826
2025-09-08 21:48:41,188 - root - INFO - metastep 183 finished, loss: 1.370047858783177
2025-09-08 21:48:52,901 - root - INFO - metastep 184 finished, loss: 1.0887700872761863
2025-09-08 21:49:04,715 - root - INFO - metastep 185 finished, loss: 1.0418859805379594
2025-09-08 21:49:17,438 - root - INFO - metastep 186 finished, loss: 1.0739099638802663
2025-09-08 21:49:36,726 - root - INFO - metastep 187 finished, loss: 0.9134317295891898
2025-09-08 21:49:48,574 - root - INFO - metastep 188 finished, loss: 1.1868042818137576
2025-09-08 21:50:00,546 - root - INFO - metastep 189 finished, loss: 1.014688892023904
2025-09-08 21:50:12,372 - root - INFO - metastep 190 finished, loss: 0.8911191267626625
2025-09-08 21:50:24,335 - root - INFO - metastep 191 finished, loss: 1.0804993169648307
2025-09-08 21:50:36,627 - root - INFO - metastep 192 finished, loss: 1.181529632636479
2025-09-08 21:50:48,448 - root - INFO - metastep 193 finished, loss: 1.340528735092708
2025-09-08 21:51:00,346 - root - INFO - metastep 194 finished, loss: 1.0780112530503954
2025-09-08 21:51:35,511 - root - INFO - metastep 195 finished, loss: 1.1676405881132397
2025-09-08 21:51:47,419 - root - INFO - metastep 196 finished, loss: 1.0614937373570033
2025-09-08 21:51:59,062 - root - INFO - metastep 197 finished, loss: 1.13109918151583
2025-09-08 21:52:10,816 - root - INFO - metastep 198 finished, loss: 1.1450625785759516
2025-09-08 21:52:22,376 - root - INFO - metastep 199 finished, loss: 1.129372205053057
2025-09-08 21:52:30,559 - root - INFO - acc on cola: 0.6609195470809937
2025-09-08 21:52:38,184 - root - INFO - acc on sst2: 0.8831614851951599
2025-09-08 21:52:44,595 - root - INFO - acc on mrpc: 0.7745097875595093
2025-09-08 21:55:33,055 - root - INFO - acc on qqp: 0.8113328814506531
2025-09-08 21:56:11,185 - root - INFO - acc on mnli: 0.6138905882835388
2025-09-08 21:56:36,809 - root - INFO - acc on qnli: 0.6871682405471802
2025-09-08 21:56:47,137 - root - INFO - acc on rte: 0.541218638420105
2025-09-08 21:56:47,183 - root - INFO - Final lambdas: tensor([[1.0000, 0.1160, 0.3243, 0.3192, 0.1969, 0.1203, 0.1244, 0.1960]],
       device='cuda:0', grad_fn=<CatBackward0>)
2025-09-08 21:56:47,183 - root - INFO - Final lambdas: tensor([[1.0000, 0.1160, 0.3243, 0.3192, 0.1969, 0.1203, 0.1244, 0.1960]],
       device='cuda:1', grad_fn=<CatBackward0>)
2025-09-08 21:56:47,184 - root - INFO - Final lambdas: tensor([[1.0000, 0.1160, 0.3243, 0.3192, 0.1969, 0.1203, 0.1244, 0.1960]],
       device='cuda:2', grad_fn=<CatBackward0>)
