2025-09-10 14:09:15,506 - root - INFO - ********** Run starts. **********
2025-09-10 14:09:15,506 - root - INFO - configuration is Namespace(seed=42, language_model_name='gpt2', batch_size=8, merging_method_name='emr_merging', gpu=2, ckpt_path='/HDDDATA/data_cj/ckpts/gpt2', epochs=100, device=device(type='cuda', index=0), dataset_names=['cola', 'sst2', 'mrpc', 'qqp', 'mnli', 'qnli', 'rte'], dataset_samples=[8551, 8000, 3668, 8000, 8000, 8000, 2490], dataset_name='rte')
2025-09-10 14:10:00,042 - root - INFO - Start to train adapter for cola
2025-09-10 14:10:35,040 - root - INFO - Adapter training step 0 finished, loss: 8.840511971712113
2025-09-10 14:11:05,206 - root - INFO - Adapter training step 0 finished, loss: 1.5354574918746948
2025-09-10 14:11:34,805 - root - INFO - Adapter training step 0 finished, loss: 1.1654591470956803
2025-09-10 14:12:04,092 - root - INFO - Adapter training step 0 finished, loss: 0.8931686967611313
2025-09-10 14:12:33,536 - root - INFO - Adapter training step 0 finished, loss: 0.9308680802583695
2025-09-10 14:13:02,894 - root - INFO - Adapter training step 0 finished, loss: 0.8971333384513854
2025-09-10 14:13:32,209 - root - INFO - Adapter training step 0 finished, loss: 0.849404323101044
2025-09-10 14:14:01,609 - root - INFO - Adapter training step 0 finished, loss: 1.0585505962371826
2025-09-10 14:14:30,991 - root - INFO - Adapter training step 0 finished, loss: 0.8578054219484329
2025-09-10 14:15:00,632 - root - INFO - Adapter training step 0 finished, loss: 0.8597278654575347
2025-09-10 14:15:30,011 - root - INFO - Adapter training step 0 finished, loss: 0.89125796854496
2025-09-10 14:15:59,616 - root - INFO - Adapter training step 0 finished, loss: 0.9209801286458968
2025-09-10 14:16:29,041 - root - INFO - Adapter training step 0 finished, loss: 0.8610382705926894
2025-09-10 14:16:40,962 - root - INFO - Start to train adapter for sst2
2025-09-10 14:17:12,828 - root - INFO - Adapter training step 0 finished, loss: 3.4532659292221073
2025-09-10 14:17:42,160 - root - INFO - Adapter training step 0 finished, loss: 3.0296553015708927
2025-09-10 14:18:11,549 - root - INFO - Adapter training step 0 finished, loss: 2.876884913444519
2025-09-10 14:18:40,980 - root - INFO - Adapter training step 0 finished, loss: 2.9571835398674002
2025-09-10 14:19:10,468 - root - INFO - Adapter training step 0 finished, loss: 2.903629648685455
2025-09-10 14:19:39,915 - root - INFO - Adapter training step 0 finished, loss: 2.7356756091117855
2025-09-10 14:20:09,151 - root - INFO - Adapter training step 0 finished, loss: 2.8036537349224098
2025-09-10 14:20:38,407 - root - INFO - Adapter training step 0 finished, loss: 3.0516873836517338
2025-09-10 14:21:07,620 - root - INFO - Adapter training step 0 finished, loss: 2.7865070700645447
2025-09-10 14:21:36,944 - root - INFO - Adapter training step 0 finished, loss: 2.9480310082435603
2025-09-10 14:22:06,190 - root - INFO - Adapter training step 0 finished, loss: 3.6776995182037346
2025-09-10 14:22:35,372 - root - INFO - Adapter training step 0 finished, loss: 2.6950682878494256
2025-09-10 14:22:50,471 - root - INFO - Start to train adapter for mrpc
2025-09-10 14:23:22,211 - root - INFO - Adapter training step 0 finished, loss: 5.5231516122818
2025-09-10 14:23:51,367 - root - INFO - Adapter training step 0 finished, loss: 4.594585013389587
2025-09-10 14:24:20,466 - root - INFO - Adapter training step 0 finished, loss: 5.650532686710357
2025-09-10 14:24:49,592 - root - INFO - Adapter training step 0 finished, loss: 5.60265415906906
2025-09-10 14:25:18,896 - root - INFO - Adapter training step 0 finished, loss: 5.359363615512848
2025-09-10 14:25:41,248 - root - INFO - Start to train adapter for qqp
2025-09-10 14:26:13,017 - root - INFO - Adapter training step 0 finished, loss: 5.484048438072205
2025-09-10 14:26:42,115 - root - INFO - Adapter training step 0 finished, loss: 5.38168728351593
2025-09-10 14:27:11,048 - root - INFO - Adapter training step 0 finished, loss: 5.0137336492538465
2025-09-10 14:27:40,085 - root - INFO - Adapter training step 0 finished, loss: 5.309875488281251
2025-09-10 14:28:09,142 - root - INFO - Adapter training step 0 finished, loss: 5.183514404296874
2025-09-10 14:28:38,505 - root - INFO - Adapter training step 0 finished, loss: 4.9935592889785765
2025-09-10 14:29:07,265 - root - INFO - Adapter training step 0 finished, loss: 5.156780683994294
2025-09-10 14:29:36,131 - root - INFO - Adapter training step 0 finished, loss: 5.026586127281188
2025-09-10 14:30:05,252 - root - INFO - Adapter training step 0 finished, loss: 5.073492145538331
2025-09-10 14:30:34,137 - root - INFO - Adapter training step 0 finished, loss: 4.802076256275177
2025-09-10 14:31:03,056 - root - INFO - Adapter training step 0 finished, loss: 4.5529837012290955
2025-09-10 14:31:32,133 - root - INFO - Adapter training step 0 finished, loss: 5.076602303981781
2025-09-10 14:31:47,121 - root - INFO - Start to train adapter for mnli
2025-09-10 14:32:18,940 - root - INFO - Adapter training step 0 finished, loss: 2.9478745579719545
2025-09-10 14:32:47,968 - root - INFO - Adapter training step 0 finished, loss: 2.539257895946503
2025-09-10 14:33:17,308 - root - INFO - Adapter training step 0 finished, loss: 2.345570981502533
2025-09-10 14:33:46,397 - root - INFO - Adapter training step 0 finished, loss: 2.390438067913055
2025-09-10 14:34:15,418 - root - INFO - Adapter training step 0 finished, loss: 2.644654077291489
2025-09-10 14:34:44,786 - root - INFO - Adapter training step 0 finished, loss: 2.5239685058593744
2025-09-10 14:35:14,014 - root - INFO - Adapter training step 0 finished, loss: 2.6449606657028193
2025-09-10 14:35:43,224 - root - INFO - Adapter training step 0 finished, loss: 2.469574159383774
2025-09-10 14:36:12,268 - root - INFO - Adapter training step 0 finished, loss: 2.527158153057098
2025-09-10 14:36:41,189 - root - INFO - Adapter training step 0 finished, loss: 2.376612418889999
2025-09-10 14:37:10,314 - root - INFO - Adapter training step 0 finished, loss: 2.4276560485363006
2025-09-10 14:37:39,200 - root - INFO - Adapter training step 0 finished, loss: 2.341033190488815
2025-09-10 14:37:53,924 - root - INFO - Start to train adapter for qnli
2025-09-10 14:38:25,448 - root - INFO - Adapter training step 0 finished, loss: 2.5128832161426544
2025-09-10 14:38:54,635 - root - INFO - Adapter training step 0 finished, loss: 2.44604611992836
2025-09-10 14:39:23,894 - root - INFO - Adapter training step 0 finished, loss: 2.383785462379455
2025-09-10 14:39:53,030 - root - INFO - Adapter training step 0 finished, loss: 2.610457211732864
2025-09-10 14:40:21,753 - root - INFO - Adapter training step 0 finished, loss: 2.3958413779735563
2025-09-10 14:40:50,423 - root - INFO - Adapter training step 0 finished, loss: 2.674254941940308
2025-09-10 14:41:19,782 - root - INFO - Adapter training step 0 finished, loss: 2.666962069272995
2025-09-10 14:41:49,119 - root - INFO - Adapter training step 0 finished, loss: 2.703822088241577
2025-09-10 14:42:18,321 - root - INFO - Adapter training step 0 finished, loss: 2.9242657959461216
2025-09-10 14:42:47,230 - root - INFO - Adapter training step 0 finished, loss: 2.546922028064728
2025-09-10 14:43:16,641 - root - INFO - Adapter training step 0 finished, loss: 2.7288457274436957
2025-09-10 14:43:45,768 - root - INFO - Adapter training step 0 finished, loss: 2.581657463312149
2025-09-10 14:44:00,727 - root - INFO - Start to train adapter for rte
2025-09-10 14:44:32,025 - root - INFO - Adapter training step 0 finished, loss: 2.971010339260101
2025-09-10 14:45:01,115 - root - INFO - Adapter training step 0 finished, loss: 1.8018588960170745
2025-09-10 14:45:30,449 - root - INFO - Adapter training step 0 finished, loss: 1.848267811536789
2025-09-10 14:46:04,493 - root - INFO - acc on cola: 0.30842912197113037
2025-09-10 14:46:11,719 - root - INFO - acc on sst2: 0.5
2025-09-10 14:46:17,829 - root - INFO - acc on mrpc: 0.31617647409439087
2025-09-10 14:47:54,659 - root - INFO - acc on qqp: 0.5684853792190552
2025-09-10 14:48:23,806 - root - INFO - acc on mnli: 0.3469283878803253
2025-09-10 14:48:41,079 - root - INFO - acc on qnli: 0.5164714455604553
2025-09-10 14:48:46,818 - root - INFO - acc on rte: 0.5285714268684387
2025-09-10 14:48:46,856 - root - INFO - Final lambdas: tensor([[1.0000, 0.1126, 0.2456, 0.1946, 0.2716, 0.1221, 0.1440, 0.1408]],
       device='cuda:2', grad_fn=<CatBackward0>)
2025-09-10 14:48:46,857 - root - INFO - Final lambdas_raw: Parameter containing:
tensor([[-2.1271, -1.2788, -1.5380, -1.1646, -2.0411, -1.8651, -1.8895]],
       device='cuda:2', requires_grad=True)
2025-09-10 14:48:46,858 - root - INFO - Final lambdas: tensor([[1.0000, 0.1126, 0.2456, 0.1946, 0.2716, 0.1221, 0.1440, 0.1408]],
       device='cuda:1', grad_fn=<CatBackward0>)
2025-09-10 14:48:46,858 - root - INFO - Final lambdas: tensor([[1.0000, 0.1126, 0.2456, 0.1946, 0.2716, 0.1221, 0.1440, 0.1408]],
       device='cuda:3', grad_fn=<CatBackward0>)
2025-09-10 14:48:46,858 - root - INFO - Final lambdas: tensor([[1.0000, 0.1126, 0.2456, 0.1946, 0.2716, 0.1221, 0.1440, 0.1408]],
       device='cuda:0', grad_fn=<CatBackward0>)
2025-09-10 14:48:46,859 - root - INFO - Final lambdas_raw: Parameter containing:
tensor([[-2.1271, -1.2788, -1.5380, -1.1646, -2.0411, -1.8651, -1.8895]],
       device='cuda:1', requires_grad=True)
2025-09-10 14:48:46,859 - root - INFO - Final lambdas_raw: Parameter containing:
tensor([[-2.1271, -1.2788, -1.5380, -1.1646, -2.0411, -1.8651, -1.8895]],
       device='cuda:3', requires_grad=True)
2025-09-10 14:48:46,859 - root - INFO - Final lambdas_raw: Parameter containing:
tensor([[-2.1271, -1.2788, -1.5380, -1.1646, -2.0411, -1.8651, -1.8895]],
       device='cuda:0', requires_grad=True)
