2025-09-10 23:18:56,494 - root - INFO - ********** Run starts. **********
2025-09-10 23:18:56,494 - root - INFO - configuration is Namespace(seed=42, language_model_name='gpt2', batch_size=8, merging_method_name='emr_merging', gpu=2, ckpt_path='/HDDDATA/data_cj/ckpts/gpt2', epochs=100, device=device(type='cuda', index=0), dataset_names=['cola', 'sst2', 'mrpc', 'qqp', 'mnli', 'qnli', 'rte'], dataset_samples=[3000, 8000, 3668, 8000, 8000, 8000, 2490], dataset_name='rte')
2025-09-10 23:19:01,302 - root - INFO - Start to train adapter for cola
2025-09-10 23:19:34,032 - root - INFO - Adapter training step 0 finished, loss: 8.963809764385223
2025-09-10 23:20:05,641 - root - INFO - Adapter training step 0 finished, loss: 1.8246030986309054
2025-09-10 23:20:35,695 - root - INFO - Adapter training step 0 finished, loss: 1.4055417388677593
2025-09-10 23:21:04,662 - root - INFO - Adapter training step 0 finished, loss: 1.044364619255066
2025-09-10 23:21:28,333 - root - INFO - acc on cola: 0.6915708780288696
2025-09-10 23:21:33,018 - root - INFO - Start to train adapter for sst2
2025-09-10 23:22:07,389 - root - INFO - Adapter training step 0 finished, loss: 8.798230302333831
2025-09-10 23:22:36,310 - root - INFO - Adapter training step 0 finished, loss: 3.9886618137359626
2025-09-10 23:23:04,951 - root - INFO - Adapter training step 0 finished, loss: 3.4320815563201905
2025-09-10 23:23:33,588 - root - INFO - Adapter training step 0 finished, loss: 3.4903043866157524
2025-09-10 23:24:02,315 - root - INFO - Adapter training step 0 finished, loss: 3.1027884125709533
2025-09-10 23:24:31,151 - root - INFO - Adapter training step 0 finished, loss: 2.5806176900863647
2025-09-10 23:24:59,933 - root - INFO - Adapter training step 0 finished, loss: 2.7083654522895815
2025-09-10 23:25:28,730 - root - INFO - Adapter training step 0 finished, loss: 2.895794343948364
2025-09-10 23:25:57,524 - root - INFO - Adapter training step 0 finished, loss: 2.8586902976036073
2025-09-10 23:26:26,348 - root - INFO - Adapter training step 0 finished, loss: 2.8669621646404266
2025-09-10 23:26:55,177 - root - INFO - Adapter training step 0 finished, loss: 3.2372030735015866
2025-09-10 23:27:24,009 - root - INFO - Adapter training step 0 finished, loss: 2.929597806930542
2025-09-10 23:27:41,472 - root - INFO - acc on sst2: 0.5091742873191833
2025-09-10 23:27:45,973 - root - INFO - Start to train adapter for mrpc
2025-09-10 23:28:17,796 - root - INFO - Adapter training step 0 finished, loss: 14.046589946746831
2025-09-10 23:28:46,436 - root - INFO - Adapter training step 0 finished, loss: 6.179414200782776
2025-09-10 23:29:14,979 - root - INFO - Adapter training step 0 finished, loss: 5.326228535175323
2025-09-10 23:29:43,800 - root - INFO - Adapter training step 0 finished, loss: 5.367381620407105
2025-09-10 23:30:12,528 - root - INFO - Adapter training step 0 finished, loss: 5.50722519159317
2025-09-10 23:30:35,850 - root - INFO - acc on mrpc: 0.31617647409439087
2025-09-10 23:30:40,772 - root - INFO - Start to train adapter for qqp
2025-09-10 23:31:12,673 - root - INFO - Adapter training step 0 finished, loss: 8.447761130332948
2025-09-10 23:31:41,033 - root - INFO - Adapter training step 0 finished, loss: 5.938558804988861
2025-09-10 23:32:09,537 - root - INFO - Adapter training step 0 finished, loss: 5.098234331607819
2025-09-10 23:32:38,239 - root - INFO - Adapter training step 0 finished, loss: 4.44666726589203
2025-09-10 23:33:06,773 - root - INFO - Adapter training step 0 finished, loss: 4.88316433429718
2025-09-10 23:33:35,250 - root - INFO - Adapter training step 0 finished, loss: 4.422283816337585
2025-09-10 23:34:04,241 - root - INFO - Adapter training step 0 finished, loss: 5.167869746685028
2025-09-10 23:34:32,670 - root - INFO - Adapter training step 0 finished, loss: 4.496706128120422
2025-09-10 23:35:01,379 - root - INFO - Adapter training step 0 finished, loss: 3.980867612361908
2025-09-10 23:35:29,909 - root - INFO - Adapter training step 0 finished, loss: 4.838003528118133
2025-09-10 23:35:58,594 - root - INFO - Adapter training step 0 finished, loss: 5.25634742975235
2025-09-10 23:36:27,241 - root - INFO - Adapter training step 0 finished, loss: 4.580234849452973
2025-09-10 23:38:14,272 - root - INFO - acc on qqp: 0.6318510174751282
2025-09-10 23:38:21,174 - root - INFO - Start to train adapter for mnli
2025-09-10 23:38:52,934 - root - INFO - Adapter training step 0 finished, loss: 4.9976178288459785
2025-09-10 23:39:21,533 - root - INFO - Adapter training step 0 finished, loss: 2.8694367170333863
2025-09-10 23:39:50,087 - root - INFO - Adapter training step 0 finished, loss: 2.465812969207763
2025-09-10 23:40:18,432 - root - INFO - Adapter training step 0 finished, loss: 2.282476115226746
2025-09-10 23:40:46,883 - root - INFO - Adapter training step 0 finished, loss: 2.044369435310364
2025-09-10 23:41:15,385 - root - INFO - Adapter training step 0 finished, loss: 2.0467122197151184
2025-09-10 23:41:43,859 - root - INFO - Adapter training step 0 finished, loss: 2.1287670433521275
2025-09-10 23:42:12,369 - root - INFO - Adapter training step 0 finished, loss: 2.125879240036011
2025-09-10 23:42:40,853 - root - INFO - Adapter training step 0 finished, loss: 2.192599600553512
2025-09-10 23:43:09,379 - root - INFO - Adapter training step 0 finished, loss: 2.1162094593048097
2025-09-10 23:43:37,930 - root - INFO - Adapter training step 0 finished, loss: 2.218056777119637
2025-09-10 23:44:06,550 - root - INFO - Adapter training step 0 finished, loss: 2.0040657699108126
2025-09-10 23:44:44,099 - root - INFO - acc on mnli: 0.3885272443294525
2025-09-10 23:44:48,813 - root - INFO - Start to train adapter for qnli
2025-09-10 23:45:21,926 - root - INFO - Adapter training step 0 finished, loss: 6.820196914672852
2025-09-10 23:45:50,423 - root - INFO - Adapter training step 0 finished, loss: 4.055549442768096
2025-09-10 23:46:18,901 - root - INFO - Adapter training step 0 finished, loss: 3.0036359131336208
2025-09-10 23:46:47,411 - root - INFO - Adapter training step 0 finished, loss: 2.7494516313076023
2025-09-10 23:47:15,911 - root - INFO - Adapter training step 0 finished, loss: 2.5116132616996767
2025-09-10 23:47:44,488 - root - INFO - Adapter training step 0 finished, loss: 2.7028350412845605
2025-09-10 23:48:13,039 - root - INFO - Adapter training step 0 finished, loss: 2.664073801040649
2025-09-10 23:48:41,513 - root - INFO - Adapter training step 0 finished, loss: 2.599234217405319
2025-09-10 23:49:09,977 - root - INFO - Adapter training step 0 finished, loss: 2.888850009441376
2025-09-10 23:49:38,447 - root - INFO - Adapter training step 0 finished, loss: 2.6244694888591766
2025-09-10 23:50:06,878 - root - INFO - Adapter training step 0 finished, loss: 2.451669228076935
2025-09-10 23:50:35,368 - root - INFO - Adapter training step 0 finished, loss: 2.6143398106098172
2025-09-10 23:51:02,873 - root - INFO - acc on qnli: 0.4945095181465149
2025-09-10 23:51:07,570 - root - INFO - Start to train adapter for rte
2025-09-10 23:51:40,706 - root - INFO - Adapter training step 0 finished, loss: 10.281444841623307
2025-09-10 23:52:09,358 - root - INFO - Adapter training step 0 finished, loss: 2.5195129871368405
2025-09-10 23:52:37,928 - root - INFO - Adapter training step 0 finished, loss: 2.05178644657135
2025-09-10 23:53:05,146 - root - INFO - acc on rte: 0.5285714268684387
2025-09-10 23:53:05,183 - root - INFO - Final lambdas: tensor([[1.0000, 0.0969, 0.2754, 0.1792, 0.1918, 0.1238, 0.1792, 0.1182]],
       device='cuda:0', grad_fn=<CatBackward0>)
2025-09-10 23:53:05,184 - root - INFO - Final lambdas_raw: Parameter containing:
tensor([[-2.2857, -1.1486, -1.6285, -1.5540, -2.0262, -1.6283, -2.0756]],
       device='cuda:0', requires_grad=True)
