2025-09-10 22:23:21,463 - root - INFO - ********** Run starts. **********
2025-09-10 22:23:21,463 - root - INFO - configuration is Namespace(seed=42, language_model_name='gpt2', batch_size=8, merging_method_name='emr_merging', gpu=2, ckpt_path='/HDDDATA/data_cj/ckpts/gpt2', epochs=100, device=device(type='cuda', index=0), dataset_names=['cola', 'sst2', 'mrpc', 'qqp', 'mnli', 'qnli', 'rte'], dataset_samples=[8551, 8000, 3668, 8000, 8000, 8000, 2490], dataset_name='rte')
2025-09-10 22:23:26,254 - root - INFO - Start to train adapter for cola
2025-09-10 22:23:58,153 - root - INFO - Adapter training step 0 finished, loss: 8.50010885000229
2025-09-10 22:24:28,651 - root - INFO - Adapter training step 0 finished, loss: 1.2518770784139632
2025-09-10 22:24:59,441 - root - INFO - Adapter training step 0 finished, loss: 0.9014069914817809
2025-09-10 22:25:30,774 - root - INFO - Adapter training step 0 finished, loss: 0.8517648845911026
2025-09-10 22:26:01,649 - root - INFO - Adapter training step 0 finished, loss: 0.8577343672513963
2025-09-10 22:26:30,692 - root - INFO - Adapter training step 0 finished, loss: 0.8931423395872116
2025-09-10 22:26:59,981 - root - INFO - Adapter training step 0 finished, loss: 0.81671482026577
2025-09-10 22:27:29,722 - root - INFO - Adapter training step 0 finished, loss: 0.9538627862930298
2025-09-10 22:27:59,194 - root - INFO - Adapter training step 0 finished, loss: 0.8083086758852005
2025-09-10 22:28:28,572 - root - INFO - Adapter training step 0 finished, loss: 0.891011628508568
2025-09-10 22:28:57,593 - root - INFO - Adapter training step 0 finished, loss: 0.8538323521614076
2025-09-10 22:29:26,906 - root - INFO - Adapter training step 0 finished, loss: 0.821810081601143
2025-09-10 22:29:56,022 - root - INFO - Adapter training step 0 finished, loss: 0.9032582342624664
2025-09-10 22:30:10,611 - root - INFO - acc on cola: 0.6915708780288696
2025-09-10 22:30:15,505 - root - INFO - Start to train adapter for sst2
2025-09-10 22:30:46,783 - root - INFO - Adapter training step 0 finished, loss: 3.0670628249645238
2025-09-10 22:31:15,267 - root - INFO - Adapter training step 0 finished, loss: 2.7976012110710147
2025-09-10 22:31:43,595 - root - INFO - Adapter training step 0 finished, loss: 2.6841304779052737
2025-09-10 22:32:12,633 - root - INFO - Adapter training step 0 finished, loss: 2.92173040509224
2025-09-10 22:32:41,335 - root - INFO - Adapter training step 0 finished, loss: 2.5728585422039036
2025-09-10 22:33:09,967 - root - INFO - Adapter training step 0 finished, loss: 3.510057783126831
2025-09-10 22:33:38,565 - root - INFO - Adapter training step 0 finished, loss: 3.0150832653045656
2025-09-10 22:34:06,881 - root - INFO - Adapter training step 0 finished, loss: 3.059279948472977
2025-09-10 22:34:35,211 - root - INFO - Adapter training step 0 finished, loss: 3.105650615692138
2025-09-10 22:35:03,903 - root - INFO - Adapter training step 0 finished, loss: 2.638340610265732
2025-09-10 22:35:32,401 - root - INFO - Adapter training step 0 finished, loss: 2.8129639863967895
2025-09-10 22:36:01,271 - root - INFO - Adapter training step 0 finished, loss: 2.467186069488526
2025-09-10 22:36:18,371 - root - INFO - acc on sst2: 0.5091742873191833
2025-09-10 22:36:22,723 - root - INFO - Start to train adapter for mrpc
2025-09-10 22:36:54,603 - root - INFO - Adapter training step 0 finished, loss: 5.690743637084962
2025-09-10 22:37:23,407 - root - INFO - Adapter training step 0 finished, loss: 6.005732691287995
2025-09-10 22:37:51,935 - root - INFO - Adapter training step 0 finished, loss: 5.286487698554993
2025-09-10 22:38:20,598 - root - INFO - Adapter training step 0 finished, loss: 5.943444955348969
2025-09-10 22:38:49,100 - root - INFO - Adapter training step 0 finished, loss: 5.767956721782684
2025-09-10 22:39:12,321 - root - INFO - acc on mrpc: 0.31617647409439087
